// Jest Snapshot v1, https://goo.gl/fbAQLP

exports[`converts default glob imports 1`] = `
"import _ig from \\"./module-B/index.js\\";
import _ig2 from \\"./moduleA/index.js\\";
let modules = [{
  \\"name\\": \\"moduleB\\",
  \\"value\\": _ig,
  \\"path\\": \\"./module-B/index.js\\",
  \\"package\\": \\"@modules/moduleB\\"
}, {
  \\"name\\": \\"moduleA\\",
  \\"value\\": _ig2,
  \\"path\\": \\"./moduleA/index.js\\",
  \\"package\\": \\"@modules/moduleA\\"
}];
import _ig3 from \\"./module-B/options.js\\";
import _ig4 from \\"./moduleA/options.js\\";
let options = [{
  \\"name\\": \\"moduleB\\",
  \\"value\\": _ig3,
  \\"path\\": \\"./module-B/options.js\\",
  \\"package\\": \\"@modules/moduleB\\"
}, {
  \\"name\\": \\"moduleA\\",
  \\"value\\": _ig4,
  \\"path\\": \\"./moduleA/options.js\\",
  \\"package\\": \\"@modules/moduleA\\"
}];"
`;
